[sea-furniture.mysapo.net/index.html]
[backblue.gif]
[fade.gif]
[index.html]
[bizweb.dktcdn.net/100/364/402/themes/733752/assets/favicon26de.png]
[bizweb.dktcdn.net/100/364/402/themes/733752/assets/logo26de.png]
[bizweb.dktcdn.net/100/364/402/themes/733752/assets/plugin.scss26de.css]
[bizweb.dktcdn.net/100/364/402/themes/733752/assets/base.scss26de.css]
[bizweb.dktcdn.net/100/364/402/themes/733752/assets/style.scss26de.css]
[bizweb.dktcdn.net/100/364/402/themes/733752/assets/module.scss26de.css]
[bizweb.dktcdn.net/100/364/402/themes/733752/assets/responsive.scss26de.css]
[stats.bizweb.vn/delivery/364402e034.js]
[sea-furniture.mysapo.net/gioi-thieu.html]
[sea-furniture.mysapo.net/collections/all.html]
[sea-furniture.mysapo.net/sofa.html]
[sea-furniture.mysapo.net/sofa-giuong.html]
[sea-furniture.mysapo.net/sofa-bang.html]
[sea-furniture.mysapo.net/sofa-don.html]
[sea-furniture.mysapo.net/ghe.html]
[sea-furniture.mysapo.net/trang-tri.html]
[sea-furniture.mysapo.net/ke-sach.html]
[sea-furniture.mysapo.net/ban.html]
[sea-furniture.mysapo.net/tu-quan-ao.html]
[sea-furniture.mysapo.net/tin-tuc.html]
[sea-furniture.mysapo.net/lien-he.html]
[sea-furniture.mysapo.net/account/register.html]
[sea-furniture.mysapo.net/account/login.html]
[sea-furniture.mysapo.net/cart.html]
[cdnjs.cloudflare.com/ajax/libs/jquery/2.2.3/jquery.min.js]
[bizweb.dktcdn.net/100/364/402/themes/733752/assets/option-selectors26de.js]
[bizweb.dktcdn.net/assets/themes_support/api.jquery.js]
[bizweb.dktcdn.net/100/364/402/themes/733752/assets/slider_126de.jpg]
[sea-furniture.mysapo.net/san-pham-noi-bat.html]
[sea-furniture.mysapo.net/ghe-luxury.html]
[sea-furniture.mysapo.net/ghe-woody-pinky.html]
[sea-furniture.mysapo.net/ghe-woody.html]
[sea-furniture.mysapo.net/ghe-euro-02.html]
[sea-furniture.mysapo.net/ghe-euro.html]
[sea-furniture.mysapo.net/ke-tv-hobu.html]
[sea-furniture.mysapo.net/ke-day-hobu.html]
[sea-furniture.mysapo.net/ke-treo-poplar.html]
[sea-furniture.mysapo.net/tranh-anh.html]
[sea-furniture.mysapo.net/dong-ho-miso-limited.html]
[sea-furniture.mysapo.net/search09e6.html]
[sea-furniture.mysapo.net/san-pham-hot.html]
[sea-furniture.mysapo.net/tu-giay-hobu.html]
[sea-furniture.mysapo.net/dong-ho-miso.html]
[sea-furniture.mysapo.net/dong-ho-tabu.html]
[sea-furniture.mysapo.net/sofa-don-alice.html]
[sea-furniture.mysapo.net/sofa-giuong-aurora.html]
[sea-furniture.mysapo.net/ban-aillen-02.html]
[sea-furniture.mysapo.net/ban-aillen-01.html]
[sea-furniture.mysapo.net/ban-binas.html]
[sea-furniture.mysapo.net/ban-aillen.html]
[sea-furniture.mysapo.net/searchd2b0.html]
[sea-furniture.mysapo.net/meo-bao-quan-ve-sinh-cac-do-noi-that.html]
[sea-furniture.mysapo.net/thu-thai-trong-chinh-can-ho-cua-ban.html]
[sea-furniture.mysapo.net/bao-quan-do-go-khi-do-am-khong-khi-cao.html]
[bizweb.dktcdn.net/100/364/402/themes/733752/assets/policy126de.png]
[bizweb.dktcdn.net/100/364/402/themes/733752/assets/policy226de.png]
[bizweb.dktcdn.net/100/364/402/themes/733752/assets/policy326de.png]
[bizweb.dktcdn.net/100/364/402/themes/733752/assets/policy426de.png]
[unpkg.com/ionicons@4.4.8/dist/ionicons.js]
[bizweb.dktcdn.net/100/364/402/themes/733752/assets/appear26de.js]
[bizweb.dktcdn.net/100/364/402/themes/733752/assets/plugin26de.js]
[bizweb.dktcdn.net/100/364/402/themes/733752/assets/cs.script26de.js]
[bizweb.dktcdn.net/100/364/402/themes/733752/assets/api-jquery-custom26de.js]
[bizweb.dktcdn.net/100/364/402/themes/733752/assets/quickview26de.js]
[cdnjs.cloudflare.com/ajax/libs/ekko-lightbox/5.2.0/ekko-lightbox.min.js]
[bizweb.dktcdn.net/100/364/402/themes/733752/assets/main26de.js]
[bizweb.dktcdn.net/100/364/402/themes/733752/assets/jquery-flexslider-min26de.js]
[ajax.googleapis.com/ajax/libs/webfont/1/webfont.js]
[sea-furniture.mysapo.net/index.html]
[cdnjs.cloudflare.com/ajax/libs/ekko-lightbox/5.2.0/ekko-lightbox.min.css]
[bizweb.dktcdn.net/100/364/402/themes/733752/assets/owl.video.play.png]
[bizweb.dktcdn.net/100/364/402/themes/733752/assets/plugin.scss26de.css]
[bizweb.dktcdn.net/100/364/402/themes/733752/assets/ico-select7070.png]
[bizweb.dktcdn.net/100/364/402/themes/733752/assets/icon_tuvan7070.png]
[bizweb.dktcdn.net/100/364/402/themes/733752/assets/base.scss26de.css]
[bizweb.dktcdn.net/100/364/402/themes/733752/assets/bg_breadcrumb7070.jpg]
[bizweb.dktcdn.net/100/364/402/themes/733752/assets/bg_banner_top.4c7070.delayed]
[bizweb.dktcdn.net/100/364/402/themes/733752/assets/banner_menu_17070.png]
[bizweb.dktcdn.net/100/364/402/themes/733752/assets/product-san7070.ttf]
[bizweb.dktcdn.net/100/364/402/themes/733752/assets/bg_titlehead7070.png]
[bizweb.dktcdn.net/100/364/402/themes/733752/assets/bg_header-mobile7070.png]
[bizweb.dktcdn.net/100/117/701/themes/571720/assets/btn-editb19b.png]
[bizweb.dktcdn.net/100/364/402/themes/733752/assets/style.scss26de.css]
[bizweb.dktcdn.net/100/364/402/themes/733752/assets/bg_title27c6.png]
[bizweb.dktcdn.net/100/364/402/themes/733752/assets/module.scss26de.css]
[bizweb.dktcdn.net/100/364/402/themes/733752/assets/logo7070.png]
[bizweb.dktcdn.net/100/364/402/themes/733752/assets/responsive.scss26de.css]
[sea-furniture.mysapo.net/gioi-thieu.html]
[bizweb.dktcdn.net/100/364/402/themes/733752/assets/search_filter26de.js]
[bizweb.dktcdn.net/100/364/402/themes/733752/assets/jquery-ui.min26de.css]
[bizweb.dktcdn.net/100/364/402/themes/733752/assets/jquery-ui.min26de.js]
[cdnjs.cloudflare.com/ajax/libs/jqueryui-touch-punch/0.2.3/jquery.ui.touch-punch.min.js]
[sea-furniture.mysapo.net/collections/all.html]
[bizweb.dktcdn.net/100/364/402/themes/733752/assets/col26de.js]
[bizweb.dktcdn.net/100/364/402/themes/733752/assets/product-san27c6.ttf]
[sea-furniture.mysapo.net/sofa-goc-bella.html]
[sea-furniture.mysapo.net/sofa-bang-bella.html]
[sea-furniture.mysapo.net/sofa.html]
[sea-furniture.mysapo.net/sofa-giuong.html]
[sea-furniture.mysapo.net/sofa-bang.html]
[sea-furniture.mysapo.net/sofa-don.html]
[sea-furniture.mysapo.net/ghe.html]
[sea-furniture.mysapo.net/dong-ho-tabu-001.html]
[sea-furniture.mysapo.net/trang-tri.html]
[sea-furniture.mysapo.net/ke-sach.html]
[sea-furniture.mysapo.net/ban-aillen-03.html]
[sea-furniture.mysapo.net/ban-arabica.html]
[sea-furniture.mysapo.net/ban.html]
[sea-furniture.mysapo.net/tu-quan-ao.html]
[sea-furniture.mysapo.net/chon-kich-thuoc-ban-an-nhu-nao-cho-phu-hop.html]
[sea-furniture.mysapo.net/nha-dep-khong-the-thieu-nhung-mon-decor-nay.html]
[sea-furniture.mysapo.net/co-nen-dung-go-cong-nghiep-cho-do-noi-that.html]
[sea-furniture.mysapo.net/tin-tuc.html]
[www.google.com/recaptcha/apif78f.js]
[sea-furniture.mysapo.net/lien-he.html]
[bizweb.dktcdn.net/assets/themes_support/bizweb-api.js]
[bizweb.dktcdn.net/assets/themes_support/common.js]
[sea-furniture.mysapo.net/account/register.html]
[sea-furniture.mysapo.net/account/login.html]
[sea-furniture.mysapo.net/cart.html]
[sea-furniture.mysapo.net/san-pham-noi-bat.html]
[bizweb.dktcdn.net/assets/themes_support/customer.js]
[bizweb.dktcdn.net/thumb/grande/100/364/402/products/2-042bbb81b1b64e5287a9a94736f714bf-master1b9b.jpg]
[bizweb.dktcdn.net/thumb/grande/100/364/402/products/2-acaf4822a6e84c0bad48378c37346e92-master9aa9.jpg]
[bizweb.dktcdn.net/thumb/grande/100/364/402/products/3-8a701732108344808b1ab5081a3e255c-master91dc.jpg]
[bizweb.dktcdn.net/thumb/1024x1024/100/364/402/products/2-042bbb81b1b64e5287a9a94736f714bf-master1b9b.jpg]
[bizweb.dktcdn.net/100/364/402/products/2-acaf4822a6e84c0bad48378c37346e92-master9aa9.jpg]
[bizweb.dktcdn.net/100/364/402/products/3-8a701732108344808b1ab5081a3e255c-master91dc.jpg]
[bizweb.dktcdn.net/100/364/402/products/2-3226a189b47d46bc879440f675006d95-master072e.jpg]
[bizweb.dktcdn.net/thumb/1024x1024/100/364/402/products/2-acaf4822a6e84c0bad48378c37346e92-master9aa9.jpg]
[bizweb.dktcdn.net/thumb/1024x1024/100/364/402/products/3-8a701732108344808b1ab5081a3e255c-master91dc.jpg]
[bizweb.dktcdn.net/thumb/1024x1024/100/364/402/products/2-3226a189b47d46bc879440f675006d95-master072e.jpg]
[bizweb.dktcdn.net/100/364/402/themes/733752/assets/bpr-products-module26de.css]
[bizweb.dktcdn.net/100/364/402/themes/733752/assets/lightbox26de.css]
[bizweb.dktcdn.net/100/364/402/themes/733752/assets/jquery.elevatezoom308.min26de.js]
[bizweb.dktcdn.net/100/364/402/themes/733752/assets/jquery.prettyphoto.min005e26de.js]
[bizweb.dktcdn.net/100/364/402/themes/733752/assets/jquery.prettyphoto.init.min367a26de.js]
[cdnjs.cloudflare.com/ajax/libs/jquery-cookie/1.4.1/jquery.cookie.min.js]
[sea-furniture.mysapo.net/ghe-luxury.html]
[bizweb.dktcdn.net/100/364/402/themes/733752/assets/recentview26de.js]
[bizweb.dktcdn.net/thumb/grande/100/364/402/products/ghe-hong-cheo-30f7d63900384e489ee1e06c11186f3d-master29a4.jpg]
[bizweb.dktcdn.net/thumb/1024x1024/100/364/402/products/ghe-hong-cheo-30f7d63900384e489ee1e06c11186f3d-master29a4.jpg]
[sea-furniture.mysapo.net/ghe-woody-pinky.html]
[bizweb.dktcdn.net/thumb/grande/100/364/402/products/g-2-mastera15b.jpg]
[bizweb.dktcdn.net/thumb/1024x1024/100/364/402/products/g-2-mastera15b.jpg]
[sea-furniture.mysapo.net/ghe-woody.html]
[bizweb.dktcdn.net/thumb/grande/100/364/402/products/profile-ghebee-den-xeo-56ae996c8c7b4fb0826bc671eb5742d9-master48f5.png]
[bizweb.dktcdn.net/thumb/1024x1024/100/364/402/products/profile-ghebee-den-xeo-56ae996c8c7b4fb0826bc671eb5742d9-master48f5.png]
[sea-furniture.mysapo.net/ghe-euro-02.html]
[bizweb.dktcdn.net/thumb/grande/100/364/402/products/2-e75ada50bdb54ea99d0db5af778c40bb-master456e.jpg]
[bizweb.dktcdn.net/thumb/1024x1024/100/364/402/products/2-e75ada50bdb54ea99d0db5af778c40bb-master456e.jpg]
[sea-furniture.mysapo.net/ghe-euro.html]
[bizweb.dktcdn.net/thumb/grande/100/364/402/products/tv-d-1-master1140.png]
[bizweb.dktcdn.net/thumb/1024x1024/100/364/402/products/tv-d-1-master1140.png]
[sea-furniture.mysapo.net/ke-tv-hobu.html]
[bizweb.dktcdn.net/thumb/grande/100/364/402/products/hobu-d-1-da4001c724d64bbba3caa56ed2be6a6e-masterf2c8.png]
[bizweb.dktcdn.net/thumb/1024x1024/100/364/402/products/hobu-d-1-da4001c724d64bbba3caa56ed2be6a6e-masterf2c8.png]
[sea-furniture.mysapo.net/ke-day-hobu.html]
[bizweb.dktcdn.net/thumb/grande/100/364/402/products/30-do-trang-8a897fc42fea4bcdbe3b5cb829f3b883-masterc54b.jpg]
[bizweb.dktcdn.net/thumb/1024x1024/100/364/402/products/30-do-trang-8a897fc42fea4bcdbe3b5cb829f3b883-masterc54b.jpg]
[sea-furniture.mysapo.net/ke-treo-poplar.html]
[bizweb.dktcdn.net/thumb/grande/100/364/402/products/img-5508-72a51c73445544af9dfa25fd2a38e56c-master6ed1.jpg]
[bizweb.dktcdn.net/thumb/1024x1024/100/364/402/products/img-5508-72a51c73445544af9dfa25fd2a38e56c-master6ed1.jpg]
[sea-furniture.mysapo.net/tranh-anh.html]
[bizweb.dktcdn.net/thumb/grande/100/364/402/products/sun-1-1a59cc92352c4428b72773c291f838b1-masterfce8.png]
[bizweb.dktcdn.net/thumb/1024x1024/100/364/402/products/sun-1-1a59cc92352c4428b72773c291f838b1-masterfce8.png]
[sea-furniture.mysapo.net/dong-ho-miso-limited.html]
[sea-furniture.mysapo.net/search.html]
[sea-furniture.mysapo.net/search09e6.html]
[sea-furniture.mysapo.net/san-pham-hot.html]
[bizweb.dktcdn.net/thumb/grande/100/364/402/products/30-do-2021fed95b944be3873d99cbd3dd93ff-master42d0.jpg]
[bizweb.dktcdn.net/thumb/1024x1024/100/364/402/products/30-do-2021fed95b944be3873d99cbd3dd93ff-master42d0.jpg]
[sea-furniture.mysapo.net/tu-giay-hobu.html]
[bizweb.dktcdn.net/thumb/grande/100/364/402/products/miso-master8efb.png]
[bizweb.dktcdn.net/thumb/1024x1024/100/364/402/products/miso-master8efb.png]
[sea-furniture.mysapo.net/dong-ho-miso.html]
[bizweb.dktcdn.net/thumb/grande/100/364/402/products/tabu-master324b.png]
[bizweb.dktcdn.net/thumb/1024x1024/100/364/402/products/tabu-master324b.png]
[sea-furniture.mysapo.net/dong-ho-tabu.html]
[bizweb.dktcdn.net/thumb/grande/100/364/402/products/4-0717adb7481649d18ceade5adc9c6d4a-master6adf.png]
[bizweb.dktcdn.net/thumb/1024x1024/100/364/402/products/4-0717adb7481649d18ceade5adc9c6d4a-master6adf.png]
[sea-furniture.mysapo.net/sofa-don-alice.html]
[bizweb.dktcdn.net/thumb/grande/100/364/402/products/aurora-nghieng-light-grey-3d8bccf563ad4415aaabe620924f3fd6-master6eb9.png]
[bizweb.dktcdn.net/thumb/grande/100/364/402/products/aurora-nghieng-dark-grey-a646ffae75764bb9a4b1237eca1c1267-master98e5.png]
[bizweb.dktcdn.net/thumb/1024x1024/100/364/402/products/aurora-nghieng-light-grey-3d8bccf563ad4415aaabe620924f3fd6-master6eb9.png]
[bizweb.dktcdn.net/100/364/402/products/aurora-nghieng-dark-grey-a646ffae75764bb9a4b1237eca1c1267-master98e5.png]
[bizweb.dktcdn.net/thumb/1024x1024/100/364/402/products/aurora-nghieng-dark-grey-a646ffae75764bb9a4b1237eca1c1267-master98e5.png]
[sea-furniture.mysapo.net/sofa-giuong-aurora.html]
[bizweb.dktcdn.net/thumb/grande/100/364/402/products/t-g-2-masterfc70.jpg]
[bizweb.dktcdn.net/thumb/grande/100/364/402/products/t-d-2-908cfb14bfc64884b566510787625fdc-master7219.jpg]
[bizweb.dktcdn.net/thumb/grande/100/364/402/products/t-t-2-8d4247e523fd4ae1af74c409607f2c35-masterd181.jpg]
[bizweb.dktcdn.net/thumb/1024x1024/100/364/402/products/t-g-2-masterfc70.jpg]
[bizweb.dktcdn.net/100/364/402/products/t-d-2-908cfb14bfc64884b566510787625fdc-master7219.jpg]
[bizweb.dktcdn.net/100/364/402/products/t-t-2-8d4247e523fd4ae1af74c409607f2c35-masterd181.jpg]
[bizweb.dktcdn.net/thumb/1024x1024/100/364/402/products/t-d-2-908cfb14bfc64884b566510787625fdc-master7219.jpg]
[bizweb.dktcdn.net/thumb/1024x1024/100/364/402/products/t-t-2-8d4247e523fd4ae1af74c409607f2c35-masterd181.jpg]
[sea-furniture.mysapo.net/ban-aillen-02.html]
[bizweb.dktcdn.net/thumb/grande/100/364/402/products/2-0e9aac17a08545028116b62187004f20-master25f2.jpg]
[bizweb.dktcdn.net/thumb/grande/100/364/402/products/2-31ca6fae27e04d38acfd08d68b2eaaa2-master862f.jpg]
[bizweb.dktcdn.net/thumb/grande/100/364/402/products/2-df4042ad32d940468d1bbd2c3988b4d4-master7cb1.jpg]
[bizweb.dktcdn.net/thumb/1024x1024/100/364/402/products/2-0e9aac17a08545028116b62187004f20-master25f2.jpg]
[bizweb.dktcdn.net/100/364/402/products/2-31ca6fae27e04d38acfd08d68b2eaaa2-master862f.jpg]
[bizweb.dktcdn.net/100/364/402/products/2-df4042ad32d940468d1bbd2c3988b4d4-master7cb1.jpg]
[bizweb.dktcdn.net/thumb/1024x1024/100/364/402/products/2-31ca6fae27e04d38acfd08d68b2eaaa2-master862f.jpg]
[bizweb.dktcdn.net/thumb/1024x1024/100/364/402/products/2-df4042ad32d940468d1bbd2c3988b4d4-master7cb1.jpg]
[sea-furniture.mysapo.net/ban-aillen-01.html]
[bizweb.dktcdn.net/thumb/grande/100/364/402/products/2-b2c68ff5ef6047f4b8d748d2a974ba8d-master31c9.jpg]
[bizweb.dktcdn.net/thumb/grande/100/364/402/products/2-02b57e8d0b7248f49c27b527c6e3dc11-master6eec.jpg]
[bizweb.dktcdn.net/thumb/grande/100/364/402/products/2-59c8b0b19bf14d1d8f447ae18ac41e88-masterbab2.jpg]
[bizweb.dktcdn.net/thumb/1024x1024/100/364/402/products/2-b2c68ff5ef6047f4b8d748d2a974ba8d-master31c9.jpg]
[bizweb.dktcdn.net/100/364/402/products/2-02b57e8d0b7248f49c27b527c6e3dc11-master6eec.jpg]
[bizweb.dktcdn.net/100/364/402/products/2-59c8b0b19bf14d1d8f447ae18ac41e88-masterbab2.jpg]
[bizweb.dktcdn.net/thumb/1024x1024/100/364/402/products/2-02b57e8d0b7248f49c27b527c6e3dc11-master6eec.jpg]
[bizweb.dktcdn.net/thumb/1024x1024/100/364/402/products/2-59c8b0b19bf14d1d8f447ae18ac41e88-masterbab2.jpg]
[sea-furniture.mysapo.net/ban-binas.html]
[bizweb.dktcdn.net/thumb/grande/100/364/402/products/2-8c58547694c647f7a135a53c2892470f-large5881.jpg]
[bizweb.dktcdn.net/thumb/grande/100/364/402/products/2-4009d371f8774b65974859096e485b48-large8c44.jpg]
[bizweb.dktcdn.net/thumb/grande/100/364/402/products/2-41001778ecb64960945999c5bb4392e4-large3486.jpg]
[sea-furniture.mysapo.net/san-pham-dac-biet.html]
[bizweb.dktcdn.net/thumb/1024x1024/100/364/402/products/2-8c58547694c647f7a135a53c2892470f-large5881.jpg]
[bizweb.dktcdn.net/100/364/402/products/2-4009d371f8774b65974859096e485b48-large8c44.jpg]
[bizweb.dktcdn.net/100/364/402/products/2-41001778ecb64960945999c5bb4392e4-large3486.jpg]
[bizweb.dktcdn.net/thumb/1024x1024/100/364/402/products/2-4009d371f8774b65974859096e485b48-large8c44.jpg]
[bizweb.dktcdn.net/thumb/1024x1024/100/364/402/products/2-41001778ecb64960945999c5bb4392e4-large3486.jpg]
[sea-furniture.mysapo.net/ban-aillen.html]
[sea-furniture.mysapo.net/searchd2b0.html]
[bizweb.dktcdn.net/thumb/grande/100/364/402/articles/blog-grid-114037.jpg]
[sea-furniture.mysapo.net/meo-bao-quan-ve-sinh-cac-do-noi-that.html]
[bizweb.dktcdn.net/thumb/grande/100/364/402/articles/blog-grid-15b8c6.jpg]
[sea-furniture.mysapo.net/thu-thai-trong-chinh-can-ho-cua-ban.html]
[bizweb.dktcdn.net/thumb/grande/100/364/402/articles/dining-suite-for-sale4a9b.jpg]
[sea-furniture.mysapo.net/bao-quan-do-go-khi-do-am-khong-khi-cao.html]
[cdnjs.cloudflare.com/ajax/libs/ekko-lightbox/5.2.0/ekko-lightbox.min.css]
[bizweb.dktcdn.net/100/364/402/themes/733752/assets/owl.video.play.png]
[bizweb.dktcdn.net/100/364/402/themes/733752/assets/icon_tuvan7070.png]
[bizweb.dktcdn.net/100/364/402/themes/733752/assets/bg_banner_top7070.png]
[bizweb.dktcdn.net/100/364/402/themes/733752/assets/banner_menu_17070.png]
[bizweb.dktcdn.net/100/364/402/themes/733752/assets/bg_titlehead7070.png]
[bizweb.dktcdn.net/100/364/402/themes/733752/assets/bg_header-mobile7070.png]
[bizweb.dktcdn.net/100/117/701/themes/571720/assets/btn-editb19b.png]
[bizweb.dktcdn.net/100/364/402/themes/733752/assets/bg_title27c6.png]
[bizweb.dktcdn.net/100/364/402/themes/733752/assets/images/ui-icons_444444_256x240.png]
[bizweb.dktcdn.net/100/364/402/themes/733752/assets/images/ui-icons_555555_256x240.png]
[bizweb.dktcdn.net/100/364/402/themes/733752/assets/images/ui-icons_ffffff_256x240.png]
[bizweb.dktcdn.net/100/364/402/themes/733752/assets/images/ui-icons_777620_256x240.png]
[bizweb.dktcdn.net/100/364/402/themes/733752/assets/images/ui-icons_cc0000_256x240.png]
[bizweb.dktcdn.net/100/364/402/themes/733752/assets/images/ui-icons_777777_256x240.png]
[bizweb.dktcdn.net/100/364/402/themes/733752/assets/jquery-ui.min26de.css]
[bizweb.dktcdn.net/thumb/grande/100/364/402/products/cinderela-goc-chinh-dien-darkgrey-429b69161e8b4c85bf93cc7f5d4eaf87-mastera818.png]
[bizweb.dktcdn.net/thumb/grande/100/364/402/products/cinderella-goc-chinh-dien-light-grey-0951fd57636649fd8576abf4b3b5050e-masterab18.png]
[bizweb.dktcdn.net/thumb/1024x1024/100/364/402/products/cinderela-goc-chinh-dien-darkgrey-429b69161e8b4c85bf93cc7f5d4eaf87-mastera818.png]
[bizweb.dktcdn.net/100/364/402/products/cinderella-goc-chinh-dien-light-grey-0951fd57636649fd8576abf4b3b5050e-masterab18.png]
[bizweb.dktcdn.net/thumb/1024x1024/100/364/402/products/cinderella-goc-chinh-dien-light-grey-0951fd57636649fd8576abf4b3b5050e-masterab18.png]
[sea-furniture.mysapo.net/sofa-goc-bella.html]
[bizweb.dktcdn.net/thumb/grande/100/364/402/products/bella-1m5-xanh-b5ab68ddc5a44d678003f1b53a33cb31-master3bc2.png]
[bizweb.dktcdn.net/thumb/grande/100/364/402/products/bella-1m5-nhat-2b0bccbd52f8420da05d6ac63485d7a7-master30bc.png]
[bizweb.dktcdn.net/thumb/1024x1024/100/364/402/products/bella-1m5-xanh-b5ab68ddc5a44d678003f1b53a33cb31-master3bc2.png]
[bizweb.dktcdn.net/100/364/402/products/bella-1m5-nhat-2b0bccbd52f8420da05d6ac63485d7a7-master30bc.png]
[bizweb.dktcdn.net/thumb/1024x1024/100/364/402/products/bella-1m5-nhat-2b0bccbd52f8420da05d6ac63485d7a7-master30bc.png]
[sea-furniture.mysapo.net/sofa-bang-bella.html]
[bizweb.dktcdn.net/thumb/grande/100/364/402/products/quata-t-1-masterf218.png]
[bizweb.dktcdn.net/thumb/1024x1024/100/364/402/products/quata-t-1-masterf218.png]
[sea-furniture.mysapo.net/dong-ho-tabu-001.html]
[bizweb.dktcdn.net/thumb/grande/100/364/402/products/1-05792e3fd4ab48d3ab2aa960df68bc37-masterc599.jpg]
[bizweb.dktcdn.net/thumb/1024x1024/100/364/402/products/1-05792e3fd4ab48d3ab2aa960df68bc37-masterc599.jpg]
[sea-furniture.mysapo.net/ban-aillen-03.html]
[bizweb.dktcdn.net/thumb/grande/100/364/402/products/den-30-do-d9f9e88fd07c483b99859b9df1bf7058-master2f27.jpg]
[bizweb.dktcdn.net/thumb/grande/100/364/402/products/mint-pf1-caa1a87c7c414189a68d42ce4f3903d7-masteraf8e.jpg]
[bizweb.dktcdn.net/thumb/grande/100/364/402/products/trang-30-do-6d027a5484e646a5b9981c21f20a6463-master589c.jpg]
[bizweb.dktcdn.net/thumb/1024x1024/100/364/402/products/den-30-do-d9f9e88fd07c483b99859b9df1bf7058-master2f27.jpg]
[bizweb.dktcdn.net/100/364/402/products/mint-pf1-caa1a87c7c414189a68d42ce4f3903d7-masteraf8e.jpg]
[bizweb.dktcdn.net/100/364/402/products/trang-30-do-6d027a5484e646a5b9981c21f20a6463-master589c.jpg]
[bizweb.dktcdn.net/thumb/1024x1024/100/364/402/products/mint-pf1-caa1a87c7c414189a68d42ce4f3903d7-masteraf8e.jpg]
[bizweb.dktcdn.net/thumb/1024x1024/100/364/402/products/trang-30-do-6d027a5484e646a5b9981c21f20a6463-master589c.jpg]
[sea-furniture.mysapo.net/ban-arabica.html]
[bizweb.dktcdn.net/thumb/grande/100/364/402/articles/stefan-stefancik-unsplash2d96.jpg]
[sea-furniture.mysapo.net/chon-kich-thuoc-ban-an-nhu-nao-cho-phu-hop.html]
[bizweb.dktcdn.net/thumb/grande/100/364/402/articles/tu-tu-unsplash-1b304.jpg]
[sea-furniture.mysapo.net/nha-dep-khong-the-thieu-nhung-mon-decor-nay.html]
[bizweb.dktcdn.net/thumb/grande/100/364/402/articles/bags-books-design-683929b58c.jpg]
[sea-furniture.mysapo.net/co-nen-dung-go-cong-nghiep-cho-do-noi-that.html]
[bizweb.dktcdn.net/100/364/402/themes/733752/assets/bpr-products-module26de.css]
[bizweb.dktcdn.net/100/364/402/themes/733752/assets/star.svg]
[bizweb.dktcdn.net/100/364/402/themes/733752/assets/lightbox26de.css]
[sea-furniture.mysapo.net/search.html]
[sea-furniture.mysapo.net/san-pham-dac-biet.html]
[bizweb.dktcdn.net/100/364/402/themes/733752/assets/images/ui-icons_444444_256x240.png]
[bizweb.dktcdn.net/100/364/402/themes/733752/assets/images/ui-icons_555555_256x240.png]
[bizweb.dktcdn.net/100/364/402/themes/733752/assets/images/ui-icons_ffffff_256x240.png]
[bizweb.dktcdn.net/100/364/402/themes/733752/assets/images/ui-icons_777620_256x240.png]
[bizweb.dktcdn.net/100/364/402/themes/733752/assets/images/ui-icons_cc0000_256x240.png]
[bizweb.dktcdn.net/100/364/402/themes/733752/assets/images/ui-icons_777777_256x240.png]
[bizweb.dktcdn.net/100/364/402/themes/733752/assets/star.svg]
